Determining if the __sparc exist failed with the following output:
Change Dir: /mnt/c/Users/ragav/OneDrive/Desktop/NoC-Genetic Algorithm/Simulator-3.5D_1/Simulator-3.5D_1/bin/systemc/2.3.4/src-build/build/CMakeFiles/CMakeTmp

Run Build Command(s):/usr/bin/gmake -f Makefile cmTC_c4a27/fast && /usr/bin/gmake  -f CMakeFiles/cmTC_c4a27.dir/build.make CMakeFiles/cmTC_c4a27.dir/build
gmake[1]: Entering directory '/mnt/c/Users/ragav/OneDrive/Desktop/NoC-Genetic Algorithm/Simulator-3.5D_1/Simulator-3.5D_1/bin/systemc/2.3.4/src-build/build/CMakeFiles/CMakeTmp'
Building C object CMakeFiles/cmTC_c4a27.dir/CheckSymbolExists.c.o
/usr/bin/cc    -o CMakeFiles/cmTC_c4a27.dir/CheckSymbolExists.c.o -c "/mnt/c/Users/ragav/OneDrive/Desktop/NoC-Genetic Algorithm/Simulator-3.5D_1/Simulator-3.5D_1/bin/systemc/2.3.4/src-build/build/CMakeFiles/CMakeTmp/CheckSymbolExists.c"
/mnt/c/Users/ragav/OneDrive/Desktop/NoC-Genetic Algorithm/Simulator-3.5D_1/Simulator-3.5D_1/bin/systemc/2.3.4/src-build/build/CMakeFiles/CMakeTmp/CheckSymbolExists.c: In function ‘main’:
/mnt/c/Users/ragav/OneDrive/Desktop/NoC-Genetic Algorithm/Simulator-3.5D_1/Simulator-3.5D_1/bin/systemc/2.3.4/src-build/build/CMakeFiles/CMakeTmp/CheckSymbolExists.c:7:19: error: ‘__sparc’ undeclared (first use in this function)
    7 |   return ((int*)(&__sparc))[argc];
      |                   ^~~~~~~
/mnt/c/Users/ragav/OneDrive/Desktop/NoC-Genetic Algorithm/Simulator-3.5D_1/Simulator-3.5D_1/bin/systemc/2.3.4/src-build/build/CMakeFiles/CMakeTmp/CheckSymbolExists.c:7:19: note: each undeclared identifier is reported only once for each function it appears in
gmake[1]: *** [CMakeFiles/cmTC_c4a27.dir/build.make:78: CMakeFiles/cmTC_c4a27.dir/CheckSymbolExists.c.o] Error 1
gmake[1]: Leaving directory '/mnt/c/Users/ragav/OneDrive/Desktop/NoC-Genetic Algorithm/Simulator-3.5D_1/Simulator-3.5D_1/bin/systemc/2.3.4/src-build/build/CMakeFiles/CMakeTmp'
gmake: *** [Makefile:127: cmTC_c4a27/fast] Error 2


File /mnt/c/Users/ragav/OneDrive/Desktop/NoC-Genetic Algorithm/Simulator-3.5D_1/Simulator-3.5D_1/bin/systemc/2.3.4/src-build/build/CMakeFiles/CMakeTmp/CheckSymbolExists.c:
/* */

int main(int argc, char** argv)
{
  (void)argv;
#ifndef __sparc
  return ((int*)(&__sparc))[argc];
#else
  (void)argc;
  return 0;
#endif
}
Determining if the __sparc__ exist failed with the following output:
Change Dir: /mnt/c/Users/ragav/OneDrive/Desktop/NoC-Genetic Algorithm/Simulator-3.5D_1/Simulator-3.5D_1/bin/systemc/2.3.4/src-build/build/CMakeFiles/CMakeTmp

Run Build Command(s):/usr/bin/gmake -f Makefile cmTC_fabc1/fast && /usr/bin/gmake  -f CMakeFiles/cmTC_fabc1.dir/build.make CMakeFiles/cmTC_fabc1.dir/build
gmake[1]: Entering directory '/mnt/c/Users/ragav/OneDrive/Desktop/NoC-Genetic Algorithm/Simulator-3.5D_1/Simulator-3.5D_1/bin/systemc/2.3.4/src-build/build/CMakeFiles/CMakeTmp'
Building C object CMakeFiles/cmTC_fabc1.dir/CheckSymbolExists.c.o
/usr/bin/cc    -o CMakeFiles/cmTC_fabc1.dir/CheckSymbolExists.c.o -c "/mnt/c/Users/ragav/OneDrive/Desktop/NoC-Genetic Algorithm/Simulator-3.5D_1/Simulator-3.5D_1/bin/systemc/2.3.4/src-build/build/CMakeFiles/CMakeTmp/CheckSymbolExists.c"
/mnt/c/Users/ragav/OneDrive/Desktop/NoC-Genetic Algorithm/Simulator-3.5D_1/Simulator-3.5D_1/bin/systemc/2.3.4/src-build/build/CMakeFiles/CMakeTmp/CheckSymbolExists.c: In function ‘main’:
/mnt/c/Users/ragav/OneDrive/Desktop/NoC-Genetic Algorithm/Simulator-3.5D_1/Simulator-3.5D_1/bin/systemc/2.3.4/src-build/build/CMakeFiles/CMakeTmp/CheckSymbolExists.c:7:19: error: ‘__sparc__’ undeclared (first use in this function)
    7 |   return ((int*)(&__sparc__))[argc];
      |                   ^~~~~~~~~
/mnt/c/Users/ragav/OneDrive/Desktop/NoC-Genetic Algorithm/Simulator-3.5D_1/Simulator-3.5D_1/bin/systemc/2.3.4/src-build/build/CMakeFiles/CMakeTmp/CheckSymbolExists.c:7:19: note: each undeclared identifier is reported only once for each function it appears in
gmake[1]: *** [CMakeFiles/cmTC_fabc1.dir/build.make:78: CMakeFiles/cmTC_fabc1.dir/CheckSymbolExists.c.o] Error 1
gmake[1]: Leaving directory '/mnt/c/Users/ragav/OneDrive/Desktop/NoC-Genetic Algorithm/Simulator-3.5D_1/Simulator-3.5D_1/bin/systemc/2.3.4/src-build/build/CMakeFiles/CMakeTmp'
gmake: *** [Makefile:127: cmTC_fabc1/fast] Error 2


File /mnt/c/Users/ragav/OneDrive/Desktop/NoC-Genetic Algorithm/Simulator-3.5D_1/Simulator-3.5D_1/bin/systemc/2.3.4/src-build/build/CMakeFiles/CMakeTmp/CheckSymbolExists.c:
/* */

int main(int argc, char** argv)
{
  (void)argv;
#ifndef __sparc__
  return ((int*)(&__sparc__))[argc];
#else
  (void)argc;
  return 0;
#endif
}
Determining if the __hppa exist failed with the following output:
Change Dir: /mnt/c/Users/ragav/OneDrive/Desktop/NoC-Genetic Algorithm/Simulator-3.5D_1/Simulator-3.5D_1/bin/systemc/2.3.4/src-build/build/CMakeFiles/CMakeTmp

Run Build Command(s):/usr/bin/gmake -f Makefile cmTC_01827/fast && /usr/bin/gmake  -f CMakeFiles/cmTC_01827.dir/build.make CMakeFiles/cmTC_01827.dir/build
gmake[1]: Entering directory '/mnt/c/Users/ragav/OneDrive/Desktop/NoC-Genetic Algorithm/Simulator-3.5D_1/Simulator-3.5D_1/bin/systemc/2.3.4/src-build/build/CMakeFiles/CMakeTmp'
Building C object CMakeFiles/cmTC_01827.dir/CheckSymbolExists.c.o
/usr/bin/cc    -o CMakeFiles/cmTC_01827.dir/CheckSymbolExists.c.o -c "/mnt/c/Users/ragav/OneDrive/Desktop/NoC-Genetic Algorithm/Simulator-3.5D_1/Simulator-3.5D_1/bin/systemc/2.3.4/src-build/build/CMakeFiles/CMakeTmp/CheckSymbolExists.c"
/mnt/c/Users/ragav/OneDrive/Desktop/NoC-Genetic Algorithm/Simulator-3.5D_1/Simulator-3.5D_1/bin/systemc/2.3.4/src-build/build/CMakeFiles/CMakeTmp/CheckSymbolExists.c: In function ‘main’:
/mnt/c/Users/ragav/OneDrive/Desktop/NoC-Genetic Algorithm/Simulator-3.5D_1/Simulator-3.5D_1/bin/systemc/2.3.4/src-build/build/CMakeFiles/CMakeTmp/CheckSymbolExists.c:7:19: error: ‘__hppa’ undeclared (first use in this function)
    7 |   return ((int*)(&__hppa))[argc];
      |                   ^~~~~~
/mnt/c/Users/ragav/OneDrive/Desktop/NoC-Genetic Algorithm/Simulator-3.5D_1/Simulator-3.5D_1/bin/systemc/2.3.4/src-build/build/CMakeFiles/CMakeTmp/CheckSymbolExists.c:7:19: note: each undeclared identifier is reported only once for each function it appears in
gmake[1]: *** [CMakeFiles/cmTC_01827.dir/build.make:78: CMakeFiles/cmTC_01827.dir/CheckSymbolExists.c.o] Error 1
gmake[1]: Leaving directory '/mnt/c/Users/ragav/OneDrive/Desktop/NoC-Genetic Algorithm/Simulator-3.5D_1/Simulator-3.5D_1/bin/systemc/2.3.4/src-build/build/CMakeFiles/CMakeTmp'
gmake: *** [Makefile:127: cmTC_01827/fast] Error 2


File /mnt/c/Users/ragav/OneDrive/Desktop/NoC-Genetic Algorithm/Simulator-3.5D_1/Simulator-3.5D_1/bin/systemc/2.3.4/src-build/build/CMakeFiles/CMakeTmp/CheckSymbolExists.c:
/* */

int main(int argc, char** argv)
{
  (void)argv;
#ifndef __hppa
  return ((int*)(&__hppa))[argc];
#else
  (void)argc;
  return 0;
#endif
}
Determining if the __i386 exist failed with the following output:
Change Dir: /mnt/c/Users/ragav/OneDrive/Desktop/NoC-Genetic Algorithm/Simulator-3.5D_1/Simulator-3.5D_1/bin/systemc/2.3.4/src-build/build/CMakeFiles/CMakeTmp

Run Build Command(s):/usr/bin/gmake -f Makefile cmTC_f1d36/fast && /usr/bin/gmake  -f CMakeFiles/cmTC_f1d36.dir/build.make CMakeFiles/cmTC_f1d36.dir/build
gmake[1]: Entering directory '/mnt/c/Users/ragav/OneDrive/Desktop/NoC-Genetic Algorithm/Simulator-3.5D_1/Simulator-3.5D_1/bin/systemc/2.3.4/src-build/build/CMakeFiles/CMakeTmp'
Building C object CMakeFiles/cmTC_f1d36.dir/CheckSymbolExists.c.o
/usr/bin/cc    -o CMakeFiles/cmTC_f1d36.dir/CheckSymbolExists.c.o -c "/mnt/c/Users/ragav/OneDrive/Desktop/NoC-Genetic Algorithm/Simulator-3.5D_1/Simulator-3.5D_1/bin/systemc/2.3.4/src-build/build/CMakeFiles/CMakeTmp/CheckSymbolExists.c"
/mnt/c/Users/ragav/OneDrive/Desktop/NoC-Genetic Algorithm/Simulator-3.5D_1/Simulator-3.5D_1/bin/systemc/2.3.4/src-build/build/CMakeFiles/CMakeTmp/CheckSymbolExists.c: In function ‘main’:
/mnt/c/Users/ragav/OneDrive/Desktop/NoC-Genetic Algorithm/Simulator-3.5D_1/Simulator-3.5D_1/bin/systemc/2.3.4/src-build/build/CMakeFiles/CMakeTmp/CheckSymbolExists.c:7:19: error: ‘__i386’ undeclared (first use in this function)
    7 |   return ((int*)(&__i386))[argc];
      |                   ^~~~~~
/mnt/c/Users/ragav/OneDrive/Desktop/NoC-Genetic Algorithm/Simulator-3.5D_1/Simulator-3.5D_1/bin/systemc/2.3.4/src-build/build/CMakeFiles/CMakeTmp/CheckSymbolExists.c:7:19: note: each undeclared identifier is reported only once for each function it appears in
gmake[1]: *** [CMakeFiles/cmTC_f1d36.dir/build.make:78: CMakeFiles/cmTC_f1d36.dir/CheckSymbolExists.c.o] Error 1
gmake[1]: Leaving directory '/mnt/c/Users/ragav/OneDrive/Desktop/NoC-Genetic Algorithm/Simulator-3.5D_1/Simulator-3.5D_1/bin/systemc/2.3.4/src-build/build/CMakeFiles/CMakeTmp'
gmake: *** [Makefile:127: cmTC_f1d36/fast] Error 2


File /mnt/c/Users/ragav/OneDrive/Desktop/NoC-Genetic Algorithm/Simulator-3.5D_1/Simulator-3.5D_1/bin/systemc/2.3.4/src-build/build/CMakeFiles/CMakeTmp/CheckSymbolExists.c:
/* */

int main(int argc, char** argv)
{
  (void)argv;
#ifndef __i386
  return ((int*)(&__i386))[argc];
#else
  (void)argc;
  return 0;
#endif
}
Determining if the __aarch64__ exist failed with the following output:
Change Dir: /mnt/c/Users/ragav/OneDrive/Desktop/NoC-Genetic Algorithm/Simulator-3.5D_1/Simulator-3.5D_1/bin/systemc/2.3.4/src-build/build/CMakeFiles/CMakeTmp

Run Build Command(s):/usr/bin/gmake -f Makefile cmTC_9843d/fast && /usr/bin/gmake  -f CMakeFiles/cmTC_9843d.dir/build.make CMakeFiles/cmTC_9843d.dir/build
gmake[1]: Entering directory '/mnt/c/Users/ragav/OneDrive/Desktop/NoC-Genetic Algorithm/Simulator-3.5D_1/Simulator-3.5D_1/bin/systemc/2.3.4/src-build/build/CMakeFiles/CMakeTmp'
Building C object CMakeFiles/cmTC_9843d.dir/CheckSymbolExists.c.o
/usr/bin/cc    -o CMakeFiles/cmTC_9843d.dir/CheckSymbolExists.c.o -c "/mnt/c/Users/ragav/OneDrive/Desktop/NoC-Genetic Algorithm/Simulator-3.5D_1/Simulator-3.5D_1/bin/systemc/2.3.4/src-build/build/CMakeFiles/CMakeTmp/CheckSymbolExists.c"
/mnt/c/Users/ragav/OneDrive/Desktop/NoC-Genetic Algorithm/Simulator-3.5D_1/Simulator-3.5D_1/bin/systemc/2.3.4/src-build/build/CMakeFiles/CMakeTmp/CheckSymbolExists.c: In function ‘main’:
/mnt/c/Users/ragav/OneDrive/Desktop/NoC-Genetic Algorithm/Simulator-3.5D_1/Simulator-3.5D_1/bin/systemc/2.3.4/src-build/build/CMakeFiles/CMakeTmp/CheckSymbolExists.c:7:19: error: ‘__aarch64__’ undeclared (first use in this function)
    7 |   return ((int*)(&__aarch64__))[argc];
      |                   ^~~~~~~~~~~
/mnt/c/Users/ragav/OneDrive/Desktop/NoC-Genetic Algorithm/Simulator-3.5D_1/Simulator-3.5D_1/bin/systemc/2.3.4/src-build/build/CMakeFiles/CMakeTmp/CheckSymbolExists.c:7:19: note: each undeclared identifier is reported only once for each function it appears in
gmake[1]: *** [CMakeFiles/cmTC_9843d.dir/build.make:78: CMakeFiles/cmTC_9843d.dir/CheckSymbolExists.c.o] Error 1
gmake[1]: Leaving directory '/mnt/c/Users/ragav/OneDrive/Desktop/NoC-Genetic Algorithm/Simulator-3.5D_1/Simulator-3.5D_1/bin/systemc/2.3.4/src-build/build/CMakeFiles/CMakeTmp'
gmake: *** [Makefile:127: cmTC_9843d/fast] Error 2


File /mnt/c/Users/ragav/OneDrive/Desktop/NoC-Genetic Algorithm/Simulator-3.5D_1/Simulator-3.5D_1/bin/systemc/2.3.4/src-build/build/CMakeFiles/CMakeTmp/CheckSymbolExists.c:
/* */

int main(int argc, char** argv)
{
  (void)argv;
#ifndef __aarch64__
  return ((int*)(&__aarch64__))[argc];
#else
  (void)argc;
  return 0;
#endif
}
Determining if the __ppc__ exist failed with the following output:
Change Dir: /mnt/c/Users/ragav/OneDrive/Desktop/NoC-Genetic Algorithm/Simulator-3.5D_1/Simulator-3.5D_1/bin/systemc/2.3.4/src-build/build/CMakeFiles/CMakeTmp

Run Build Command(s):/usr/bin/gmake -f Makefile cmTC_ea87e/fast && /usr/bin/gmake  -f CMakeFiles/cmTC_ea87e.dir/build.make CMakeFiles/cmTC_ea87e.dir/build
gmake[1]: Entering directory '/mnt/c/Users/ragav/OneDrive/Desktop/NoC-Genetic Algorithm/Simulator-3.5D_1/Simulator-3.5D_1/bin/systemc/2.3.4/src-build/build/CMakeFiles/CMakeTmp'
Building C object CMakeFiles/cmTC_ea87e.dir/CheckSymbolExists.c.o
/usr/bin/cc    -o CMakeFiles/cmTC_ea87e.dir/CheckSymbolExists.c.o -c "/mnt/c/Users/ragav/OneDrive/Desktop/NoC-Genetic Algorithm/Simulator-3.5D_1/Simulator-3.5D_1/bin/systemc/2.3.4/src-build/build/CMakeFiles/CMakeTmp/CheckSymbolExists.c"
/mnt/c/Users/ragav/OneDrive/Desktop/NoC-Genetic Algorithm/Simulator-3.5D_1/Simulator-3.5D_1/bin/systemc/2.3.4/src-build/build/CMakeFiles/CMakeTmp/CheckSymbolExists.c: In function ‘main’:
/mnt/c/Users/ragav/OneDrive/Desktop/NoC-Genetic Algorithm/Simulator-3.5D_1/Simulator-3.5D_1/bin/systemc/2.3.4/src-build/build/CMakeFiles/CMakeTmp/CheckSymbolExists.c:7:19: error: ‘__ppc__’ undeclared (first use in this function)
    7 |   return ((int*)(&__ppc__))[argc];
      |                   ^~~~~~~
/mnt/c/Users/ragav/OneDrive/Desktop/NoC-Genetic Algorithm/Simulator-3.5D_1/Simulator-3.5D_1/bin/systemc/2.3.4/src-build/build/CMakeFiles/CMakeTmp/CheckSymbolExists.c:7:19: note: each undeclared identifier is reported only once for each function it appears in
gmake[1]: *** [CMakeFiles/cmTC_ea87e.dir/build.make:78: CMakeFiles/cmTC_ea87e.dir/CheckSymbolExists.c.o] Error 1
gmake[1]: Leaving directory '/mnt/c/Users/ragav/OneDrive/Desktop/NoC-Genetic Algorithm/Simulator-3.5D_1/Simulator-3.5D_1/bin/systemc/2.3.4/src-build/build/CMakeFiles/CMakeTmp'
gmake: *** [Makefile:127: cmTC_ea87e/fast] Error 2


File /mnt/c/Users/ragav/OneDrive/Desktop/NoC-Genetic Algorithm/Simulator-3.5D_1/Simulator-3.5D_1/bin/systemc/2.3.4/src-build/build/CMakeFiles/CMakeTmp/CheckSymbolExists.c:
/* */

int main(int argc, char** argv)
{
  (void)argv;
#ifndef __ppc__
  return ((int*)(&__ppc__))[argc];
#else
  (void)argc;
  return 0;
#endif
}
Determining if the __powerpc exist failed with the following output:
Change Dir: /mnt/c/Users/ragav/OneDrive/Desktop/NoC-Genetic Algorithm/Simulator-3.5D_1/Simulator-3.5D_1/bin/systemc/2.3.4/src-build/build/CMakeFiles/CMakeTmp

Run Build Command(s):/usr/bin/gmake -f Makefile cmTC_19df5/fast && /usr/bin/gmake  -f CMakeFiles/cmTC_19df5.dir/build.make CMakeFiles/cmTC_19df5.dir/build
gmake[1]: Entering directory '/mnt/c/Users/ragav/OneDrive/Desktop/NoC-Genetic Algorithm/Simulator-3.5D_1/Simulator-3.5D_1/bin/systemc/2.3.4/src-build/build/CMakeFiles/CMakeTmp'
Building C object CMakeFiles/cmTC_19df5.dir/CheckSymbolExists.c.o
/usr/bin/cc    -o CMakeFiles/cmTC_19df5.dir/CheckSymbolExists.c.o -c "/mnt/c/Users/ragav/OneDrive/Desktop/NoC-Genetic Algorithm/Simulator-3.5D_1/Simulator-3.5D_1/bin/systemc/2.3.4/src-build/build/CMakeFiles/CMakeTmp/CheckSymbolExists.c"
/mnt/c/Users/ragav/OneDrive/Desktop/NoC-Genetic Algorithm/Simulator-3.5D_1/Simulator-3.5D_1/bin/systemc/2.3.4/src-build/build/CMakeFiles/CMakeTmp/CheckSymbolExists.c: In function ‘main’:
/mnt/c/Users/ragav/OneDrive/Desktop/NoC-Genetic Algorithm/Simulator-3.5D_1/Simulator-3.5D_1/bin/systemc/2.3.4/src-build/build/CMakeFiles/CMakeTmp/CheckSymbolExists.c:7:19: error: ‘__powerpc’ undeclared (first use in this function)
    7 |   return ((int*)(&__powerpc))[argc];
      |                   ^~~~~~~~~
/mnt/c/Users/ragav/OneDrive/Desktop/NoC-Genetic Algorithm/Simulator-3.5D_1/Simulator-3.5D_1/bin/systemc/2.3.4/src-build/build/CMakeFiles/CMakeTmp/CheckSymbolExists.c:7:19: note: each undeclared identifier is reported only once for each function it appears in
gmake[1]: *** [CMakeFiles/cmTC_19df5.dir/build.make:78: CMakeFiles/cmTC_19df5.dir/CheckSymbolExists.c.o] Error 1
gmake[1]: Leaving directory '/mnt/c/Users/ragav/OneDrive/Desktop/NoC-Genetic Algorithm/Simulator-3.5D_1/Simulator-3.5D_1/bin/systemc/2.3.4/src-build/build/CMakeFiles/CMakeTmp'
gmake: *** [Makefile:127: cmTC_19df5/fast] Error 2


File /mnt/c/Users/ragav/OneDrive/Desktop/NoC-Genetic Algorithm/Simulator-3.5D_1/Simulator-3.5D_1/bin/systemc/2.3.4/src-build/build/CMakeFiles/CMakeTmp/CheckSymbolExists.c:
/* */

int main(int argc, char** argv)
{
  (void)argv;
#ifndef __powerpc
  return ((int*)(&__powerpc))[argc];
#else
  (void)argc;
  return 0;
#endif
}
