
        SystemC 2.3.4-Accellera --- Jan 17 2026 19:40:05
        Copyright (c) 1996-2022 by all Contributors,
        ALL RIGHTS RESERVED
	--------------------------------------------
		Noxim - the NoC Simulator
		(C) University of Catania
	--------------------------------------------
Catania V., Mineo A., Monteleone S., Palesi M., and Patti D. (2016) Cycle-Accurate Network on Chip Simulation with Noxim. ACM Trans. Model. Comput. Simul. 27, 1, Article 4 (August 2016), 25 pages. DOI: https://doi.org/10.1145/2953878


Loading configuration from file "config_examples/Graph1-3pt5d.yaml"... Done
Loading power configurations from file "./bin/power.yaml"... Done
Configuration parsed for I:
 dim x: 4
 dim y: 4
 dim z: 1
 NoC id: 0
 vertical links placement: 
  5 (I) => 3 (C1)
  15 (I) => 5 (C2)
 vertical links selection: 
  0 (I -> C1) => 5 (I)
  1 (I -> C1) => 5 (I)
  2 (I -> C1) => 5 (I)
  3 (I -> C1) => 5 (I)
  4 (I -> C1) => 5 (I)
  5 (I -> C1) => 5 (I)
  6 (I -> C1) => 5 (I)
  7 (I -> C1) => 5 (I)
  8 (I -> C1) => 5 (I)
  9 (I -> C1) => 5 (I)
  10 (I -> C1) => 5 (I)
  11 (I -> C1) => 5 (I)
  12 (I -> C1) => 5 (I)
  13 (I -> C1) => 5 (I)
  14 (I -> C1) => 5 (I)
  15 (I -> C1) => 5 (I)
  0 (I -> C2) => 15 (I)
  1 (I -> C2) => 15 (I)
  2 (I -> C2) => 15 (I)
  3 (I -> C2) => 15 (I)
  4 (I -> C2) => 15 (I)
  5 (I -> C2) => 15 (I)
  6 (I -> C2) => 15 (I)
  7 (I -> C2) => 15 (I)
  8 (I -> C2) => 15 (I)
  9 (I -> C2) => 15 (I)
  10 (I -> C2) => 15 (I)
  11 (I -> C2) => 15 (I)
  12 (I -> C2) => 15 (I)
  13 (I -> C2) => 15 (I)
  14 (I -> C2) => 15 (I)
  15 (I -> C2) => 15 (I)
Configuration parsed for C1:
 dim x: 2
 dim y: 2
 dim z: 2
 NoC id: 1
 vertical links placement: 
  3 (C1) => 5 (I)
Configuration parsed for C2:
 dim x: 4
 dim y: 2
 dim z: 1
 NoC id: 2
 vertical links placement: 
  5 (C2) => 3 (C3)
  7 (C2) => 3 (C4)
  5 (C2) => 15 (I)
 vertical links selection: 
  0 (C2 -> C3) => 5 (C2)
  1 (C2 -> C3) => 5 (C2)
  2 (C2 -> C3) => 5 (C2)
  3 (C2 -> C3) => 5 (C2)
  4 (C2 -> C3) => 5 (C2)
  5 (C2 -> C3) => 5 (C2)
  6 (C2 -> C3) => 5 (C2)
  7 (C2 -> C3) => 5 (C2)
  0 (C2 -> C4) => 7 (C2)
  1 (C2 -> C4) => 7 (C2)
  2 (C2 -> C4) => 7 (C2)
  3 (C2 -> C4) => 7 (C2)
  4 (C2 -> C4) => 7 (C2)
  5 (C2 -> C4) => 7 (C2)
  6 (C2 -> C4) => 7 (C2)
  7 (C2 -> C4) => 7 (C2)
Configuration parsed for C3:
 dim x: 2
 dim y: 2
 dim z: 1
 NoC id: 3
 vertical links placement: 
  3 (C3) => 5 (C2)
Configuration parsed for C4:
 dim x: 2
 dim y: 2
 dim z: 1
 NoC id: 4
 vertical links placement: 
  3 (C4) => 7 (C2)
Nearest VLink Down: C1 Router gid:32 lid:0 downward_link: gid:35 lid:3
Nearest VLink Down: C1 Router gid:33 lid:1 downward_link: gid:35 lid:3
Nearest VLink Down: C1 Router gid:34 lid:2 downward_link: gid:35 lid:3
Nearest VLink Down: C1 Router gid:35 lid:3 downward_link: gid:35 lid:3
Custom VLink Up: C2 Router gid:16 lid:0 target_gids:[24-27] upward_link: gid:23 lid:7
Custom VLink Up: C2 Router gid:16 lid:0 target_gids:[28-31] upward_link: gid:21 lid:5
Nearest VLink Down: C2 Router gid:16 lid:0 downward_link: gid:21 lid:5
Custom VLink Up: C2 Router gid:17 lid:1 target_gids:[24-27] upward_link: gid:23 lid:7
Custom VLink Up: C2 Router gid:17 lid:1 target_gids:[28-31] upward_link: gid:21 lid:5
Nearest VLink Down: C2 Router gid:17 lid:1 downward_link: gid:21 lid:5
Custom VLink Up: C2 Router gid:18 lid:2 target_gids:[24-27] upward_link: gid:23 lid:7
Custom VLink Up: C2 Router gid:18 lid:2 target_gids:[28-31] upward_link: gid:21 lid:5
Nearest VLink Down: C2 Router gid:18 lid:2 downward_link: gid:21 lid:5
Custom VLink Up: C2 Router gid:19 lid:3 target_gids:[24-27] upward_link: gid:23 lid:7
Custom VLink Up: C2 Router gid:19 lid:3 target_gids:[28-31] upward_link: gid:21 lid:5
Nearest VLink Down: C2 Router gid:19 lid:3 downward_link: gid:21 lid:5
Custom VLink Up: C2 Router gid:20 lid:4 target_gids:[24-27] upward_link: gid:23 lid:7
Custom VLink Up: C2 Router gid:20 lid:4 target_gids:[28-31] upward_link: gid:21 lid:5
Nearest VLink Down: C2 Router gid:20 lid:4 downward_link: gid:21 lid:5
Custom VLink Up: C2 Router gid:21 lid:5 target_gids:[24-27] upward_link: gid:23 lid:7
Custom VLink Up: C2 Router gid:21 lid:5 target_gids:[28-31] upward_link: gid:21 lid:5
Nearest VLink Down: C2 Router gid:21 lid:5 downward_link: gid:21 lid:5
Custom VLink Up: C2 Router gid:22 lid:6 target_gids:[24-27] upward_link: gid:23 lid:7
Custom VLink Up: C2 Router gid:22 lid:6 target_gids:[28-31] upward_link: gid:21 lid:5
Nearest VLink Down: C2 Router gid:22 lid:6 downward_link: gid:21 lid:5
Custom VLink Up: C2 Router gid:23 lid:7 target_gids:[24-27] upward_link: gid:23 lid:7
Custom VLink Up: C2 Router gid:23 lid:7 target_gids:[28-31] upward_link: gid:21 lid:5
Nearest VLink Down: C2 Router gid:23 lid:7 downward_link: gid:21 lid:5
Nearest VLink Down: C3 Router gid:28 lid:0 downward_link: gid:31 lid:3
Nearest VLink Down: C3 Router gid:29 lid:1 downward_link: gid:31 lid:3
Nearest VLink Down: C3 Router gid:30 lid:2 downward_link: gid:31 lid:3
Nearest VLink Down: C3 Router gid:31 lid:3 downward_link: gid:31 lid:3
Nearest VLink Down: C4 Router gid:24 lid:0 downward_link: gid:27 lid:3
Nearest VLink Down: C4 Router gid:25 lid:1 downward_link: gid:27 lid:3
Nearest VLink Down: C4 Router gid:26 lid:2 downward_link: gid:27 lid:3
Nearest VLink Down: C4 Router gid:27 lid:3 downward_link: gid:27 lid:3
Custom VLink Up: I Router gid:0 lid:0 target_gids:[16-31] upward_link: gid:15 lid:15
Custom VLink Up: I Router gid:0 lid:0 target_gids:[32-39] upward_link: gid:5 lid:5
Custom VLink Up: I Router gid:1 lid:1 target_gids:[16-31] upward_link: gid:15 lid:15
Custom VLink Up: I Router gid:1 lid:1 target_gids:[32-39] upward_link: gid:5 lid:5
Custom VLink Up: I Router gid:2 lid:2 target_gids:[16-31] upward_link: gid:15 lid:15
Custom VLink Up: I Router gid:2 lid:2 target_gids:[32-39] upward_link: gid:5 lid:5
Custom VLink Up: I Router gid:3 lid:3 target_gids:[16-31] upward_link: gid:15 lid:15
Custom VLink Up: I Router gid:3 lid:3 target_gids:[32-39] upward_link: gid:5 lid:5
Custom VLink Up: I Router gid:4 lid:4 target_gids:[16-31] upward_link: gid:15 lid:15
Custom VLink Up: I Router gid:4 lid:4 target_gids:[32-39] upward_link: gid:5 lid:5
Custom VLink Up: I Router gid:5 lid:5 target_gids:[16-31] upward_link: gid:15 lid:15
Custom VLink Up: I Router gid:5 lid:5 target_gids:[32-39] upward_link: gid:5 lid:5
Custom VLink Up: I Router gid:6 lid:6 target_gids:[16-31] upward_link: gid:15 lid:15
Custom VLink Up: I Router gid:6 lid:6 target_gids:[32-39] upward_link: gid:5 lid:5
Custom VLink Up: I Router gid:7 lid:7 target_gids:[16-31] upward_link: gid:15 lid:15
Custom VLink Up: I Router gid:7 lid:7 target_gids:[32-39] upward_link: gid:5 lid:5
Custom VLink Up: I Router gid:8 lid:8 target_gids:[16-31] upward_link: gid:15 lid:15
Custom VLink Up: I Router gid:8 lid:8 target_gids:[32-39] upward_link: gid:5 lid:5
Custom VLink Up: I Router gid:9 lid:9 target_gids:[16-31] upward_link: gid:15 lid:15
Custom VLink Up: I Router gid:9 lid:9 target_gids:[32-39] upward_link: gid:5 lid:5
Custom VLink Up: I Router gid:10 lid:10 target_gids:[16-31] upward_link: gid:15 lid:15
Custom VLink Up: I Router gid:10 lid:10 target_gids:[32-39] upward_link: gid:5 lid:5
Custom VLink Up: I Router gid:11 lid:11 target_gids:[16-31] upward_link: gid:15 lid:15
Custom VLink Up: I Router gid:11 lid:11 target_gids:[32-39] upward_link: gid:5 lid:5
Custom VLink Up: I Router gid:12 lid:12 target_gids:[16-31] upward_link: gid:15 lid:15
Custom VLink Up: I Router gid:12 lid:12 target_gids:[32-39] upward_link: gid:5 lid:5
Custom VLink Up: I Router gid:13 lid:13 target_gids:[16-31] upward_link: gid:15 lid:15
Custom VLink Up: I Router gid:13 lid:13 target_gids:[32-39] upward_link: gid:5 lid:5
Custom VLink Up: I Router gid:14 lid:14 target_gids:[16-31] upward_link: gid:15 lid:15
Custom VLink Up: I Router gid:14 lid:14 target_gids:[32-39] upward_link: gid:5 lid:5
Custom VLink Up: I Router gid:15 lid:15 target_gids:[16-31] upward_link: gid:15 lid:15
Custom VLink Up: I Router gid:15 lid:15 target_gids:[32-39] upward_link: gid:5 lid:5
Reset for 1 cycles...  done! 
 Now running for 10000 cycles...
Noxim simulation completed. (10001 cycles executed)

% Number of directions still reserved: 1
% Total sent flits: 9497
% Total received packets: 1187
% Total received flits: 9496
% Received/Ideal flits Ratio: 0.989167
% Average wireless utilization: 0
% Global average delay (cycles): 17.8829
% Max delay (cycles): 161
% Network throughput (flits/cycle): 0.9496
% Average IP throughput (flits/cycle/IP): 0.02374
% Total energy (J): 1.32801e-05
% 	Dynamic energy (J): 1.69965e-07
% 	Static energy (J): 1.31101e-05
